[2024-07-17T06:05:06.729+0300][gc,heap] Heap region size: 1M
[2024-07-17T06:05:06.736+0300][gc     ] Using G1
[2024-07-17T06:05:06.736+0300][gc,heap,coops] Heap address: 0x00000000c0000000, size: 1024 MB, Compressed Oops mode: 32-bit
[2024-07-17T06:05:06.736+0300][gc,cds       ] Mark closed archive regions in map: [0x00000000fff00000, 0x00000000fff6bff8]
[2024-07-17T06:05:06.736+0300][gc,cds       ] Mark open archive regions in map: [0x00000000ffe00000, 0x00000000ffe47ff8]
[2024-07-17T06:05:07.558+0300][gc,start     ] GC(0) Pause Young (Normal) (G1 Evacuation Pause)
[2024-07-17T06:05:07.559+0300][gc,task      ] GC(0) Using 8 workers of 8 for evacuation
[2024-07-17T06:05:07.604+0300][gc,mmu       ] GC(0) MMU target violated: 21.0ms (20.0ms/21.0ms)
[2024-07-17T06:05:07.604+0300][gc,phases    ] GC(0)   Pre Evacuate Collection Set: 0.1ms
[2024-07-17T06:05:07.604+0300][gc,phases    ] GC(0)   Evacuate Collection Set: 44.2ms
[2024-07-17T06:05:07.604+0300][gc,phases    ] GC(0)   Post Evacuate Collection Set: 0.7ms
[2024-07-17T06:05:07.604+0300][gc,phases    ] GC(0)   Other: 1.2ms
[2024-07-17T06:05:07.604+0300][gc,heap      ] GC(0) Eden regions: 51->0(44)
[2024-07-17T06:05:07.604+0300][gc,heap      ] GC(0) Survivor regions: 0->7(7)
[2024-07-17T06:05:07.604+0300][gc,heap      ] GC(0) Old regions: 2->3
[2024-07-17T06:05:07.604+0300][gc,heap      ] GC(0) Humongous regions: 0->0
[2024-07-17T06:05:07.604+0300][gc,metaspace ] GC(0) Metaspace: 14025K(14848K)->14025K(14848K) NonClass: 12299K(12800K)->12299K(12800K) Class: 1725K(2048K)->1725K(2048K)
[2024-07-17T06:05:07.604+0300][gc           ] GC(0) Pause Young (Normal) (G1 Evacuation Pause) 51M->7M(1024M) 46.202ms
[2024-07-17T06:05:07.604+0300][gc,cpu       ] GC(0) User=0.19s Sys=0.05s Real=0.04s
[2024-07-17T06:05:08.146+0300][gc,start     ] GC(1) Pause Young (Concurrent Start) (Metadata GC Threshold)
[2024-07-17T06:05:08.146+0300][gc,task      ] GC(1) Using 8 workers of 8 for evacuation
[2024-07-17T06:05:08.156+0300][gc,phases    ] GC(1)   Pre Evacuate Collection Set: 0.1ms
[2024-07-17T06:05:08.156+0300][gc,phases    ] GC(1)   Evacuate Collection Set: 9.2ms
[2024-07-17T06:05:08.156+0300][gc,phases    ] GC(1)   Post Evacuate Collection Set: 0.6ms
[2024-07-17T06:05:08.156+0300][gc,phases    ] GC(1)   Other: 0.3ms
[2024-07-17T06:05:08.156+0300][gc,heap      ] GC(1) Eden regions: 31->0(49)
[2024-07-17T06:05:08.156+0300][gc,heap      ] GC(1) Survivor regions: 7->2(7)
[2024-07-17T06:05:08.156+0300][gc,heap      ] GC(1) Old regions: 3->10
[2024-07-17T06:05:08.156+0300][gc,heap      ] GC(1) Humongous regions: 0->0
[2024-07-17T06:05:08.156+0300][gc,metaspace ] GC(1) Metaspace: 20484K(21248K)->20484K(21248K) NonClass: 18013K(18432K)->18013K(18432K) Class: 2471K(2816K)->2471K(2816K)
[2024-07-17T06:05:08.156+0300][gc           ] GC(1) Pause Young (Concurrent Start) (Metadata GC Threshold) 38M->9M(1024M) 10.331ms
[2024-07-17T06:05:08.156+0300][gc,cpu       ] GC(1) User=0.03s Sys=0.01s Real=0.01s
[2024-07-17T06:05:08.156+0300][gc           ] GC(2) Concurrent Cycle
[2024-07-17T06:05:08.156+0300][gc,marking   ] GC(2) Concurrent Clear Claimed Marks
[2024-07-17T06:05:08.156+0300][gc,marking   ] GC(2) Concurrent Clear Claimed Marks 0.045ms
[2024-07-17T06:05:08.156+0300][gc,marking   ] GC(2) Concurrent Scan Root Regions
[2024-07-17T06:05:08.157+0300][gc,marking   ] GC(2) Concurrent Scan Root Regions 1.015ms
[2024-07-17T06:05:08.157+0300][gc,marking   ] GC(2) Concurrent Mark (1.431s)
[2024-07-17T06:05:08.157+0300][gc,marking   ] GC(2) Concurrent Mark From Roots
[2024-07-17T06:05:08.157+0300][gc,task      ] GC(2) Using 2 workers of 2 for marking
[2024-07-17T06:05:08.164+0300][gc,marking   ] GC(2) Concurrent Mark From Roots 6.849ms
[2024-07-17T06:05:08.164+0300][gc,marking   ] GC(2) Concurrent Preclean
[2024-07-17T06:05:08.164+0300][gc,marking   ] GC(2) Concurrent Preclean 0.162ms
[2024-07-17T06:05:08.164+0300][gc,marking   ] GC(2) Concurrent Mark (1.431s, 1.438s) 7.110ms
[2024-07-17T06:05:08.165+0300][gc,start     ] GC(2) Pause Remark
[2024-07-17T06:05:08.175+0300][gc,stringtable] GC(2) Cleaned string and symbol table, strings: 5691 processed, 0 removed, symbols: 53783 processed, 42 removed
[2024-07-17T06:05:08.175+0300][gc            ] GC(2) Pause Remark 9M->9M(1024M) 10.392ms
[2024-07-17T06:05:08.175+0300][gc,cpu        ] GC(2) User=0.04s Sys=0.00s Real=0.01s
[2024-07-17T06:05:08.175+0300][gc,marking    ] GC(2) Concurrent Rebuild Remembered Sets
[2024-07-17T06:05:08.179+0300][gc,marking    ] GC(2) Concurrent Rebuild Remembered Sets 3.677ms
[2024-07-17T06:05:08.180+0300][gc,start      ] GC(2) Pause Cleanup
[2024-07-17T06:05:08.180+0300][gc            ] GC(2) Pause Cleanup 9M->9M(1024M) 0.284ms
[2024-07-17T06:05:08.180+0300][gc,cpu        ] GC(2) User=0.00s Sys=0.00s Real=0.00s
[2024-07-17T06:05:08.180+0300][gc,marking    ] GC(2) Concurrent Cleanup for Next Mark
[2024-07-17T06:05:08.184+0300][gc,marking    ] GC(2) Concurrent Cleanup for Next Mark 3.979ms
[2024-07-17T06:05:08.185+0300][gc            ] GC(2) Concurrent Cycle 28.516ms
[2024-07-17T06:05:08.742+0300][gc,start      ] GC(3) Pause Young (Normal) (G1 Evacuation Pause)
[2024-07-17T06:05:08.742+0300][gc,task       ] GC(3) Using 8 workers of 8 for evacuation
[2024-07-17T06:05:08.753+0300][gc,phases     ] GC(3)   Pre Evacuate Collection Set: 0.0ms
[2024-07-17T06:05:08.753+0300][gc,phases     ] GC(3)   Evacuate Collection Set: 4.6ms
[2024-07-17T06:05:08.753+0300][gc,phases     ] GC(3)   Post Evacuate Collection Set: 5.9ms
[2024-07-17T06:05:08.753+0300][gc,phases     ] GC(3)   Other: 0.2ms
[2024-07-17T06:05:08.753+0300][gc,heap       ] GC(3) Eden regions: 49->0(47)
[2024-07-17T06:05:08.753+0300][gc,heap       ] GC(3) Survivor regions: 2->4(7)
[2024-07-17T06:05:08.753+0300][gc,heap       ] GC(3) Old regions: 10->10
[2024-07-17T06:05:08.753+0300][gc,heap       ] GC(3) Humongous regions: 129->129
[2024-07-17T06:05:08.753+0300][gc,metaspace  ] GC(3) Metaspace: 28926K(30208K)->28926K(30208K) NonClass: 25566K(26368K)->25566K(26368K) Class: 3359K(3840K)->3359K(3840K)
[2024-07-17T06:05:08.753+0300][gc            ] GC(3) Pause Young (Normal) (G1 Evacuation Pause) 187M->140M(1024M) 10.876ms
[2024-07-17T06:05:08.753+0300][gc,cpu        ] GC(3) User=0.01s Sys=0.01s Real=0.01s
[2024-07-17T06:05:09.111+0300][gc,start      ] GC(4) Pause Young (Concurrent Start) (Metadata GC Threshold)
[2024-07-17T06:05:09.111+0300][gc,task       ] GC(4) Using 8 workers of 8 for evacuation
[2024-07-17T06:05:09.116+0300][gc,phases     ] GC(4)   Pre Evacuate Collection Set: 0.1ms
[2024-07-17T06:05:09.116+0300][gc,phases     ] GC(4)   Evacuate Collection Set: 4.8ms
[2024-07-17T06:05:09.116+0300][gc,phases     ] GC(4)   Post Evacuate Collection Set: 0.6ms
[2024-07-17T06:05:09.116+0300][gc,phases     ] GC(4)   Other: 0.3ms
[2024-07-17T06:05:09.116+0300][gc,heap       ] GC(4) Eden regions: 35->0(45)
[2024-07-17T06:05:09.116+0300][gc,heap       ] GC(4) Survivor regions: 4->6(7)
[2024-07-17T06:05:09.116+0300][gc,heap       ] GC(4) Old regions: 10->11
[2024-07-17T06:05:09.116+0300][gc,heap       ] GC(4) Humongous regions: 129->129
[2024-07-17T06:05:09.116+0300][gc,metaspace  ] GC(4) Metaspace: 34542K(35840K)->34542K(35840K) NonClass: 30609K(31360K)->30609K(31360K) Class: 3933K(4480K)->3933K(4480K)
[2024-07-17T06:05:09.116+0300][gc            ] GC(4) Pause Young (Concurrent Start) (Metadata GC Threshold) 175M->143M(1024M) 5.867ms
[2024-07-17T06:05:09.117+0300][gc,cpu        ] GC(4) User=0.02s Sys=0.00s Real=0.00s
[2024-07-17T06:05:09.117+0300][gc            ] GC(5) Concurrent Cycle
[2024-07-17T06:05:09.117+0300][gc,marking    ] GC(5) Concurrent Clear Claimed Marks
[2024-07-17T06:05:09.117+0300][gc,marking    ] GC(5) Concurrent Clear Claimed Marks 0.085ms
[2024-07-17T06:05:09.117+0300][gc,marking    ] GC(5) Concurrent Scan Root Regions
[2024-07-17T06:05:09.118+0300][gc,marking    ] GC(5) Concurrent Scan Root Regions 1.765ms
[2024-07-17T06:05:09.119+0300][gc,marking    ] GC(5) Concurrent Mark (2.392s)
[2024-07-17T06:05:09.119+0300][gc,marking    ] GC(5) Concurrent Mark From Roots
[2024-07-17T06:05:09.119+0300][gc,task       ] GC(5) Using 2 workers of 2 for marking
[2024-07-17T06:05:09.124+0300][gc,marking    ] GC(5) Concurrent Mark From Roots 5.612ms
[2024-07-17T06:05:09.124+0300][gc,marking    ] GC(5) Concurrent Preclean
[2024-07-17T06:05:09.124+0300][gc,marking    ] GC(5) Concurrent Preclean 0.110ms
[2024-07-17T06:05:09.124+0300][gc,marking    ] GC(5) Concurrent Mark (2.392s, 2.398s) 5.786ms
[2024-07-17T06:05:09.125+0300][gc,start      ] GC(5) Pause Remark
[2024-07-17T06:05:09.131+0300][gc,stringtable] GC(5) Cleaned string and symbol table, strings: 11557 processed, 10 removed, symbols: 89467 processed, 19 removed
[2024-07-17T06:05:09.131+0300][gc            ] GC(5) Pause Remark 145M->145M(1024M) 6.337ms
[2024-07-17T06:05:09.131+0300][gc,cpu        ] GC(5) User=0.03s Sys=0.00s Real=0.01s
[2024-07-17T06:05:09.131+0300][gc,marking    ] GC(5) Concurrent Rebuild Remembered Sets
[2024-07-17T06:05:09.134+0300][gc,marking    ] GC(5) Concurrent Rebuild Remembered Sets 3.152ms
[2024-07-17T06:05:09.134+0300][gc,start      ] GC(5) Pause Cleanup
[2024-07-17T06:05:09.135+0300][gc            ] GC(5) Pause Cleanup 145M->145M(1024M) 0.253ms
[2024-07-17T06:05:09.135+0300][gc,cpu        ] GC(5) User=0.00s Sys=0.00s Real=0.00s
[2024-07-17T06:05:09.135+0300][gc,marking    ] GC(5) Concurrent Cleanup for Next Mark
[2024-07-17T06:05:09.142+0300][gc,marking    ] GC(5) Concurrent Cleanup for Next Mark 7.489ms
[2024-07-17T06:05:09.142+0300][gc            ] GC(5) Concurrent Cycle 25.786ms
[2024-07-17T06:14:13.461+0300][gc,start      ] GC(6) Pause Young (Normal) (G1 Evacuation Pause)
[2024-07-17T06:14:13.461+0300][gc,task       ] GC(6) Using 8 workers of 8 for evacuation
[2024-07-17T06:14:13.472+0300][gc,phases     ] GC(6)   Pre Evacuate Collection Set: 0.9ms
[2024-07-17T06:14:13.472+0300][gc,phases     ] GC(6)   Evacuate Collection Set: 8.5ms
[2024-07-17T06:14:13.472+0300][gc,phases     ] GC(6)   Post Evacuate Collection Set: 1.2ms
[2024-07-17T06:14:13.472+0300][gc,phases     ] GC(6)   Other: 0.2ms
[2024-07-17T06:14:13.472+0300][gc,heap       ] GC(6) Eden regions: 45->0(46)
[2024-07-17T06:14:13.472+0300][gc,heap       ] GC(6) Survivor regions: 6->5(7)
[2024-07-17T06:14:13.472+0300][gc,heap       ] GC(6) Old regions: 11->13
[2024-07-17T06:14:13.472+0300][gc,heap       ] GC(6) Humongous regions: 129->0
[2024-07-17T06:14:13.472+0300][gc,metaspace  ] GC(6) Metaspace: 41699K(44236K)->41699K(44236K) NonClass: 36275K(37632K)->36275K(37632K) Class: 5424K(6604K)->5424K(6604K)
[2024-07-17T06:14:13.472+0300][gc            ] GC(6) Pause Young (Normal) (G1 Evacuation Pause) 188M->15M(1024M) 10.881ms
[2024-07-17T06:14:13.472+0300][gc,cpu        ] GC(6) User=0.05s Sys=0.00s Real=0.01s
[2024-07-17T06:14:13.621+0300][gc,heap,exit  ] Heap
[2024-07-17T06:14:13.621+0300][gc,heap,exit  ]  garbage-first heap   total 1048576K, used 20215K [0x00000000c0000000, 0x0000000100000000)
[2024-07-17T06:14:13.621+0300][gc,heap,exit  ]   region size 1024K, 10 young (10240K), 5 survivors (5120K)
[2024-07-17T06:14:13.621+0300][gc,heap,exit  ]  Metaspace       used 41838K, capacity 44133K, committed 44364K, reserved 1087488K
[2024-07-17T06:14:13.621+0300][gc,heap,exit  ]   class space    used 5460K, capacity 6615K, committed 6732K, reserved 1048576K
