[2024-07-17T18:50:53.195+0300][gc,heap] Heap region size: 1M
[2024-07-17T18:50:53.200+0300][gc     ] Using G1
[2024-07-17T18:50:53.200+0300][gc,heap,coops] Heap address: 0x00000000c0000000, size: 1024 MB, Compressed Oops mode: 32-bit
[2024-07-17T18:50:53.200+0300][gc,cds       ] Mark closed archive regions in map: [0x00000000fff00000, 0x00000000fff6bff8]
[2024-07-17T18:50:53.200+0300][gc,cds       ] Mark open archive regions in map: [0x00000000ffe00000, 0x00000000ffe47ff8]
[2024-07-17T18:50:53.851+0300][gc,start     ] GC(0) Pause Young (Normal) (G1 Evacuation Pause)
[2024-07-17T18:50:53.853+0300][gc,task      ] GC(0) Using 8 workers of 8 for evacuation
[2024-07-17T18:50:53.862+0300][gc,phases    ] GC(0)   Pre Evacuate Collection Set: 0.0ms
[2024-07-17T18:50:53.862+0300][gc,phases    ] GC(0)   Evacuate Collection Set: 8.6ms
[2024-07-17T18:50:53.862+0300][gc,phases    ] GC(0)   Post Evacuate Collection Set: 0.8ms
[2024-07-17T18:50:53.862+0300][gc,phases    ] GC(0)   Other: 1.6ms
[2024-07-17T18:50:53.862+0300][gc,heap      ] GC(0) Eden regions: 51->0(44)
[2024-07-17T18:50:53.862+0300][gc,heap      ] GC(0) Survivor regions: 0->7(7)
[2024-07-17T18:50:53.862+0300][gc,heap      ] GC(0) Old regions: 2->3
[2024-07-17T18:50:53.862+0300][gc,heap      ] GC(0) Humongous regions: 0->0
[2024-07-17T18:50:53.862+0300][gc,metaspace ] GC(0) Metaspace: 14012K(14848K)->14012K(14848K) NonClass: 12288K(12800K)->12288K(12800K) Class: 1724K(2048K)->1724K(2048K)
[2024-07-17T18:50:53.862+0300][gc           ] GC(0) Pause Young (Normal) (G1 Evacuation Pause) 51M->8M(1024M) 11.042ms
[2024-07-17T18:50:53.862+0300][gc,cpu       ] GC(0) User=0.00s Sys=0.06s Real=0.01s
[2024-07-17T18:50:54.317+0300][gc,start     ] GC(1) Pause Young (Concurrent Start) (Metadata GC Threshold)
[2024-07-17T18:50:54.317+0300][gc,task      ] GC(1) Using 8 workers of 8 for evacuation
[2024-07-17T18:50:54.323+0300][gc,phases    ] GC(1)   Pre Evacuate Collection Set: 0.1ms
[2024-07-17T18:50:54.323+0300][gc,phases    ] GC(1)   Evacuate Collection Set: 6.0ms
[2024-07-17T18:50:54.323+0300][gc,phases    ] GC(1)   Post Evacuate Collection Set: 0.6ms
[2024-07-17T18:50:54.323+0300][gc,phases    ] GC(1)   Other: 0.2ms
[2024-07-17T18:50:54.323+0300][gc,heap      ] GC(1) Eden regions: 32->0(49)
[2024-07-17T18:50:54.323+0300][gc,heap      ] GC(1) Survivor regions: 7->2(7)
[2024-07-17T18:50:54.323+0300][gc,heap      ] GC(1) Old regions: 3->10
[2024-07-17T18:50:54.323+0300][gc,heap      ] GC(1) Humongous regions: 0->0
[2024-07-17T18:50:54.323+0300][gc,metaspace ] GC(1) Metaspace: 20603K(21248K)->20603K(21248K) NonClass: 18106K(18432K)->18106K(18432K) Class: 2496K(2816K)->2496K(2816K)
[2024-07-17T18:50:54.323+0300][gc           ] GC(1) Pause Young (Concurrent Start) (Metadata GC Threshold) 39M->9M(1024M) 6.962ms
[2024-07-17T18:50:54.323+0300][gc,cpu       ] GC(1) User=0.02s Sys=0.01s Real=0.01s
[2024-07-17T18:50:54.324+0300][gc           ] GC(2) Concurrent Cycle
[2024-07-17T18:50:54.324+0300][gc,marking   ] GC(2) Concurrent Clear Claimed Marks
[2024-07-17T18:50:54.324+0300][gc,marking   ] GC(2) Concurrent Clear Claimed Marks 0.028ms
[2024-07-17T18:50:54.324+0300][gc,marking   ] GC(2) Concurrent Scan Root Regions
[2024-07-17T18:50:54.325+0300][gc,marking   ] GC(2) Concurrent Scan Root Regions 1.167ms
[2024-07-17T18:50:54.325+0300][gc,marking   ] GC(2) Concurrent Mark (1.132s)
[2024-07-17T18:50:54.325+0300][gc,marking   ] GC(2) Concurrent Mark From Roots
[2024-07-17T18:50:54.325+0300][gc,task      ] GC(2) Using 2 workers of 2 for marking
[2024-07-17T18:50:54.329+0300][gc,marking   ] GC(2) Concurrent Mark From Roots 4.133ms
[2024-07-17T18:50:54.329+0300][gc,marking   ] GC(2) Concurrent Preclean
[2024-07-17T18:50:54.329+0300][gc,marking   ] GC(2) Concurrent Preclean 0.108ms
[2024-07-17T18:50:54.329+0300][gc,marking   ] GC(2) Concurrent Mark (1.132s, 1.136s) 4.327ms
[2024-07-17T18:50:54.329+0300][gc,start     ] GC(2) Pause Remark
[2024-07-17T18:50:54.333+0300][gc,stringtable] GC(2) Cleaned string and symbol table, strings: 5714 processed, 0 removed, symbols: 53864 processed, 42 removed
[2024-07-17T18:50:54.333+0300][gc            ] GC(2) Pause Remark 9M->9M(1024M) 3.650ms
[2024-07-17T18:50:54.333+0300][gc,cpu        ] GC(2) User=0.02s Sys=0.00s Real=0.00s
[2024-07-17T18:50:54.333+0300][gc,marking    ] GC(2) Concurrent Rebuild Remembered Sets
[2024-07-17T18:50:54.336+0300][gc,marking    ] GC(2) Concurrent Rebuild Remembered Sets 2.451ms
[2024-07-17T18:50:54.336+0300][gc,start      ] GC(2) Pause Cleanup
[2024-07-17T18:50:54.336+0300][gc            ] GC(2) Pause Cleanup 9M->9M(1024M) 0.303ms
[2024-07-17T18:50:54.336+0300][gc,cpu        ] GC(2) User=0.00s Sys=0.00s Real=0.00s
[2024-07-17T18:50:54.336+0300][gc,marking    ] GC(2) Concurrent Cleanup for Next Mark
[2024-07-17T18:50:54.340+0300][gc,marking    ] GC(2) Concurrent Cleanup for Next Mark 3.286ms
[2024-07-17T18:50:54.340+0300][gc            ] GC(2) Concurrent Cycle 16.186ms
[2024-07-17T18:50:54.825+0300][gc,start      ] GC(3) Pause Young (Normal) (G1 Evacuation Pause)
[2024-07-17T18:50:54.825+0300][gc,task       ] GC(3) Using 8 workers of 8 for evacuation
[2024-07-17T18:50:54.829+0300][gc,phases     ] GC(3)   Pre Evacuate Collection Set: 0.0ms
[2024-07-17T18:50:54.829+0300][gc,phases     ] GC(3)   Evacuate Collection Set: 2.8ms
[2024-07-17T18:50:54.829+0300][gc,phases     ] GC(3)   Post Evacuate Collection Set: 0.6ms
[2024-07-17T18:50:54.829+0300][gc,phases     ] GC(3)   Other: 0.1ms
[2024-07-17T18:50:54.829+0300][gc,heap       ] GC(3) Eden regions: 49->0(47)
[2024-07-17T18:50:54.829+0300][gc,heap       ] GC(3) Survivor regions: 2->4(7)
[2024-07-17T18:50:54.829+0300][gc,heap       ] GC(3) Old regions: 10->10
[2024-07-17T18:50:54.829+0300][gc,heap       ] GC(3) Humongous regions: 129->129
[2024-07-17T18:50:54.829+0300][gc,metaspace  ] GC(3) Metaspace: 28945K(30208K)->28945K(30208K) NonClass: 25585K(26368K)->25585K(26368K) Class: 3359K(3840K)->3359K(3840K)
[2024-07-17T18:50:54.829+0300][gc            ] GC(3) Pause Young (Normal) (G1 Evacuation Pause) 187M->140M(1024M) 3.570ms
[2024-07-17T18:50:54.829+0300][gc,cpu        ] GC(3) User=0.02s Sys=0.00s Real=0.01s
[2024-07-17T18:50:55.140+0300][gc,start      ] GC(4) Pause Young (Concurrent Start) (Metadata GC Threshold)
[2024-07-17T18:50:55.140+0300][gc,task       ] GC(4) Using 8 workers of 8 for evacuation
[2024-07-17T18:50:55.144+0300][gc,phases     ] GC(4)   Pre Evacuate Collection Set: 0.1ms
[2024-07-17T18:50:55.144+0300][gc,phases     ] GC(4)   Evacuate Collection Set: 2.8ms
[2024-07-17T18:50:55.144+0300][gc,phases     ] GC(4)   Post Evacuate Collection Set: 0.6ms
[2024-07-17T18:50:55.144+0300][gc,phases     ] GC(4)   Other: 0.3ms
[2024-07-17T18:50:55.144+0300][gc,heap       ] GC(4) Eden regions: 34->0(44)
[2024-07-17T18:50:55.144+0300][gc,heap       ] GC(4) Survivor regions: 4->7(7)
[2024-07-17T18:50:55.144+0300][gc,heap       ] GC(4) Old regions: 10->11
[2024-07-17T18:50:55.144+0300][gc,heap       ] GC(4) Humongous regions: 129->129
[2024-07-17T18:50:55.144+0300][gc,metaspace  ] GC(4) Metaspace: 34481K(35840K)->34481K(35840K) NonClass: 30559K(31360K)->30559K(31360K) Class: 3921K(4480K)->3921K(4480K)
[2024-07-17T18:50:55.144+0300][gc            ] GC(4) Pause Young (Concurrent Start) (Metadata GC Threshold) 174M->143M(1024M) 3.829ms
[2024-07-17T18:50:55.144+0300][gc,cpu        ] GC(4) User=0.02s Sys=0.00s Real=0.00s
[2024-07-17T18:50:55.144+0300][gc            ] GC(5) Concurrent Cycle
[2024-07-17T18:50:55.144+0300][gc,marking    ] GC(5) Concurrent Clear Claimed Marks
[2024-07-17T18:50:55.144+0300][gc,marking    ] GC(5) Concurrent Clear Claimed Marks 0.098ms
[2024-07-17T18:50:55.144+0300][gc,marking    ] GC(5) Concurrent Scan Root Regions
[2024-07-17T18:50:55.146+0300][gc,marking    ] GC(5) Concurrent Scan Root Regions 1.894ms
[2024-07-17T18:50:55.146+0300][gc,marking    ] GC(5) Concurrent Mark (1.953s)
[2024-07-17T18:50:55.146+0300][gc,marking    ] GC(5) Concurrent Mark From Roots
[2024-07-17T18:50:55.146+0300][gc,task       ] GC(5) Using 2 workers of 2 for marking
[2024-07-17T18:50:55.152+0300][gc,marking    ] GC(5) Concurrent Mark From Roots 6.153ms
[2024-07-17T18:50:55.152+0300][gc,marking    ] GC(5) Concurrent Preclean
[2024-07-17T18:50:55.153+0300][gc,marking    ] GC(5) Concurrent Preclean 0.234ms
[2024-07-17T18:50:55.153+0300][gc,marking    ] GC(5) Concurrent Mark (1.953s, 1.960s) 6.490ms
[2024-07-17T18:50:55.154+0300][gc,start      ] GC(5) Pause Remark
[2024-07-17T18:50:55.157+0300][gc,stringtable] GC(5) Cleaned string and symbol table, strings: 11542 processed, 10 removed, symbols: 89171 processed, 15 removed
[2024-07-17T18:50:55.157+0300][gc            ] GC(5) Pause Remark 145M->145M(1024M) 3.289ms
[2024-07-17T18:50:55.157+0300][gc,cpu        ] GC(5) User=0.02s Sys=0.00s Real=0.00s
[2024-07-17T18:50:55.157+0300][gc,marking    ] GC(5) Concurrent Rebuild Remembered Sets
[2024-07-17T18:50:55.160+0300][gc,marking    ] GC(5) Concurrent Rebuild Remembered Sets 2.896ms
[2024-07-17T18:50:55.160+0300][gc,start      ] GC(5) Pause Cleanup
[2024-07-17T18:50:55.161+0300][gc            ] GC(5) Pause Cleanup 145M->145M(1024M) 0.239ms
[2024-07-17T18:50:55.161+0300][gc,cpu        ] GC(5) User=0.00s Sys=0.00s Real=0.00s
[2024-07-17T18:50:55.161+0300][gc,marking    ] GC(5) Concurrent Cleanup for Next Mark
[2024-07-17T18:50:55.165+0300][gc,marking    ] GC(5) Concurrent Cleanup for Next Mark 4.494ms
[2024-07-17T18:50:55.165+0300][gc            ] GC(5) Concurrent Cycle 21.064ms
[2024-07-17T19:01:40.062+0300][gc,start      ] GC(6) Pause Young (Normal) (G1 Evacuation Pause)
[2024-07-17T19:01:40.062+0300][gc,task       ] GC(6) Using 8 workers of 8 for evacuation
[2024-07-17T19:01:40.070+0300][gc,phases     ] GC(6)   Pre Evacuate Collection Set: 1.8ms
[2024-07-17T19:01:40.070+0300][gc,phases     ] GC(6)   Evacuate Collection Set: 4.7ms
[2024-07-17T19:01:40.070+0300][gc,phases     ] GC(6)   Post Evacuate Collection Set: 1.1ms
[2024-07-17T19:01:40.070+0300][gc,phases     ] GC(6)   Other: 0.3ms
[2024-07-17T19:01:40.070+0300][gc,heap       ] GC(6) Eden regions: 44->0(45)
[2024-07-17T19:01:40.070+0300][gc,heap       ] GC(6) Survivor regions: 7->6(7)
[2024-07-17T19:01:40.070+0300][gc,heap       ] GC(6) Old regions: 11->13
[2024-07-17T19:01:40.070+0300][gc,heap       ] GC(6) Humongous regions: 129->129
[2024-07-17T19:01:40.070+0300][gc,metaspace  ] GC(6) Metaspace: 41426K(43904K)->41426K(43904K) NonClass: 36060K(37376K)->36060K(37376K) Class: 5365K(6528K)->5365K(6528K)
[2024-07-17T19:01:40.070+0300][gc            ] GC(6) Pause Young (Normal) (G1 Evacuation Pause) 187M->145M(1024M) 8.008ms
[2024-07-17T19:01:40.070+0300][gc,cpu        ] GC(6) User=0.04s Sys=0.00s Real=0.00s
[2024-07-17T19:18:36.669+0300][gc,start      ] GC(7) Pause Young (Normal) (G1 Evacuation Pause)
[2024-07-17T19:18:36.670+0300][gc,task       ] GC(7) Using 8 workers of 8 for evacuation
[2024-07-17T19:18:36.679+0300][gc,phases     ] GC(7)   Pre Evacuate Collection Set: 0.4ms
[2024-07-17T19:18:36.679+0300][gc,phases     ] GC(7)   Evacuate Collection Set: 7.8ms
[2024-07-17T19:18:36.679+0300][gc,phases     ] GC(7)   Post Evacuate Collection Set: 0.9ms
[2024-07-17T19:18:36.679+0300][gc,phases     ] GC(7)   Other: 0.4ms
[2024-07-17T19:18:36.679+0300][gc,heap       ] GC(7) Eden regions: 45->0(46)
[2024-07-17T19:18:36.679+0300][gc,heap       ] GC(7) Survivor regions: 6->5(7)
[2024-07-17T19:18:36.679+0300][gc,heap       ] GC(7) Old regions: 13->16
[2024-07-17T19:18:36.679+0300][gc,heap       ] GC(7) Humongous regions: 129->129
[2024-07-17T19:18:36.679+0300][gc,metaspace  ] GC(7) Metaspace: 42695K(45184K)->42695K(45184K) NonClass: 37319K(38656K)->37319K(38656K) Class: 5375K(6528K)->5375K(6528K)
[2024-07-17T19:18:36.679+0300][gc            ] GC(7) Pause Young (Normal) (G1 Evacuation Pause) 190M->148M(1024M) 9.531ms
[2024-07-17T19:18:36.679+0300][gc,cpu        ] GC(7) User=0.06s Sys=0.00s Real=0.01s
[2024-07-17T19:36:37.363+0300][gc,start      ] GC(8) Pause Young (Normal) (G1 Evacuation Pause)
[2024-07-17T19:36:37.363+0300][gc,task       ] GC(8) Using 8 workers of 8 for evacuation
[2024-07-17T19:36:37.369+0300][gc,phases     ] GC(8)   Pre Evacuate Collection Set: 0.2ms
[2024-07-17T19:36:37.369+0300][gc,phases     ] GC(8)   Evacuate Collection Set: 3.7ms
[2024-07-17T19:36:37.369+0300][gc,phases     ] GC(8)   Post Evacuate Collection Set: 1.5ms
[2024-07-17T19:36:37.369+0300][gc,phases     ] GC(8)   Other: 0.3ms
[2024-07-17T19:36:37.369+0300][gc,heap       ] GC(8) Eden regions: 46->0(47)
[2024-07-17T19:36:37.369+0300][gc,heap       ] GC(8) Survivor regions: 5->4(7)
[2024-07-17T19:36:37.369+0300][gc,heap       ] GC(8) Old regions: 16->18
[2024-07-17T19:36:37.369+0300][gc,heap       ] GC(8) Humongous regions: 129->129
[2024-07-17T19:36:37.369+0300][gc,metaspace  ] GC(8) Metaspace: 43197K(45824K)->43197K(45824K) NonClass: 37743K(39168K)->37743K(39168K) Class: 5454K(6656K)->5454K(6656K)
[2024-07-17T19:36:37.369+0300][gc            ] GC(8) Pause Young (Normal) (G1 Evacuation Pause) 194M->148M(1024M) 5.740ms
[2024-07-17T19:36:37.369+0300][gc,cpu        ] GC(8) User=0.03s Sys=0.00s Real=0.01s
[2024-07-17T19:55:05.978+0300][gc,start      ] GC(9) Pause Young (Normal) (G1 Evacuation Pause)
[2024-07-17T19:55:05.978+0300][gc,task       ] GC(9) Using 8 workers of 8 for evacuation
[2024-07-17T19:55:05.983+0300][gc,phases     ] GC(9)   Pre Evacuate Collection Set: 0.3ms
[2024-07-17T19:55:05.983+0300][gc,phases     ] GC(9)   Evacuate Collection Set: 2.7ms
[2024-07-17T19:55:05.983+0300][gc,phases     ] GC(9)   Post Evacuate Collection Set: 0.9ms
[2024-07-17T19:55:05.983+0300][gc,phases     ] GC(9)   Other: 0.3ms
[2024-07-17T19:55:05.983+0300][gc,heap       ] GC(9) Eden regions: 47->0(53)
[2024-07-17T19:55:05.983+0300][gc,heap       ] GC(9) Survivor regions: 4->2(7)
[2024-07-17T19:55:05.983+0300][gc,heap       ] GC(9) Old regions: 18->18
[2024-07-17T19:55:05.983+0300][gc,heap       ] GC(9) Humongous regions: 129->129
[2024-07-17T19:55:05.983+0300][gc,metaspace  ] GC(9) Metaspace: 43319K(45824K)->43319K(45824K) NonClass: 37859K(39168K)->37859K(39168K) Class: 5459K(6656K)->5459K(6656K)
[2024-07-17T19:55:05.983+0300][gc            ] GC(9) Pause Young (Normal) (G1 Evacuation Pause) 195M->147M(1024M) 4.341ms
[2024-07-17T19:55:05.983+0300][gc,cpu        ] GC(9) User=0.01s Sys=0.00s Real=0.00s
[2024-07-17T20:07:40.579+0300][gc,heap,exit  ] Heap
[2024-07-17T20:07:40.579+0300][gc,heap,exit  ]  garbage-first heap   total 1048576K, used 182625K [0x00000000c0000000, 0x0000000100000000)
[2024-07-17T20:07:40.579+0300][gc,heap,exit  ]   region size 1024K, 35 young (35840K), 2 survivors (2048K)
[2024-07-17T20:07:40.579+0300][gc,heap,exit  ]  Metaspace       used 44430K, capacity 47084K, committed 47232K, reserved 1089536K
[2024-07-17T20:07:40.579+0300][gc,heap,exit  ]   class space    used 5711K, capacity 7022K, committed 7040K, reserved 1048576K
