[2024-07-17T06:02:52.546+0300][gc,heap] Heap region size: 1M
[2024-07-17T06:02:52.550+0300][gc     ] Using G1
[2024-07-17T06:02:52.550+0300][gc,heap,coops] Heap address: 0x00000000e0000000, size: 512 MB, Compressed Oops mode: 32-bit
[2024-07-17T06:02:52.550+0300][gc,cds       ] Mark closed archive regions in map: [0x00000000fff00000, 0x00000000fff6bff8]
[2024-07-17T06:02:52.550+0300][gc,cds       ] Mark open archive regions in map: [0x00000000ffe00000, 0x00000000ffe47ff8]
[2024-07-17T06:02:53.021+0300][gc,start     ] GC(0) Pause Young (Normal) (G1 Evacuation Pause)
[2024-07-17T06:02:53.022+0300][gc,task      ] GC(0) Using 8 workers of 8 for evacuation
[2024-07-17T06:02:53.037+0300][gc,phases    ] GC(0)   Pre Evacuate Collection Set: 0.0ms
[2024-07-17T06:02:53.037+0300][gc,phases    ] GC(0)   Evacuate Collection Set: 13.4ms
[2024-07-17T06:02:53.037+0300][gc,phases    ] GC(0)   Post Evacuate Collection Set: 0.6ms
[2024-07-17T06:02:53.037+0300][gc,phases    ] GC(0)   Other: 1.8ms
[2024-07-17T06:02:53.037+0300][gc,heap      ] GC(0) Eden regions: 25->0(21)
[2024-07-17T06:02:53.037+0300][gc,heap      ] GC(0) Survivor regions: 0->4(4)
[2024-07-17T06:02:53.037+0300][gc,heap      ] GC(0) Old regions: 2->6
[2024-07-17T06:02:53.037+0300][gc,heap      ] GC(0) Humongous regions: 0->0
[2024-07-17T06:02:53.037+0300][gc,metaspace ] GC(0) Metaspace: 7090K(7680K)->7090K(7680K) NonClass: 6293K(6656K)->6293K(6656K) Class: 796K(1024K)->796K(1024K)
[2024-07-17T06:02:53.037+0300][gc           ] GC(0) Pause Young (Normal) (G1 Evacuation Pause) 25M->8M(512M) 15.885ms
[2024-07-17T06:02:53.037+0300][gc,cpu       ] GC(0) User=0.07s Sys=0.01s Real=0.01s
[2024-07-17T06:14:18.636+0300][gc,heap,exit ] Heap
[2024-07-17T06:14:18.636+0300][gc,heap,exit ]  garbage-first heap   total 524288K, used 22963K [0x00000000e0000000, 0x0000000100000000)
[2024-07-17T06:14:18.636+0300][gc,heap,exit ]   region size 1024K, 19 young (19456K), 4 survivors (4096K)
[2024-07-17T06:14:18.636+0300][gc,heap,exit ]  Metaspace       used 9147K, capacity 9532K, committed 9728K, reserved 1058816K
[2024-07-17T06:14:18.636+0300][gc,heap,exit ]   class space    used 1002K, capacity 1165K, committed 1280K, reserved 1048576K
