[2024-07-17T18:49:52.295+0300][gc,heap] Heap region size: 1M
[2024-07-17T18:49:52.298+0300][gc     ] Using G1
[2024-07-17T18:49:52.298+0300][gc,heap,coops] Heap address: 0x00000000e0000000, size: 512 MB, Compressed Oops mode: 32-bit
[2024-07-17T18:49:52.299+0300][gc,cds       ] Mark closed archive regions in map: [0x00000000fff00000, 0x00000000fff6bff8]
[2024-07-17T18:49:52.299+0300][gc,cds       ] Mark open archive regions in map: [0x00000000ffe00000, 0x00000000ffe47ff8]
[2024-07-17T18:49:52.907+0300][gc,start     ] GC(0) Pause Young (Normal) (G1 Evacuation Pause)
[2024-07-17T18:49:52.908+0300][gc,task      ] GC(0) Using 8 workers of 8 for evacuation
[2024-07-17T18:49:52.916+0300][gc,phases    ] GC(0)   Pre Evacuate Collection Set: 0.0ms
[2024-07-17T18:49:52.916+0300][gc,phases    ] GC(0)   Evacuate Collection Set: 7.0ms
[2024-07-17T18:49:52.916+0300][gc,phases    ] GC(0)   Post Evacuate Collection Set: 0.7ms
[2024-07-17T18:49:52.916+0300][gc,phases    ] GC(0)   Other: 1.3ms
[2024-07-17T18:49:52.916+0300][gc,heap      ] GC(0) Eden regions: 25->0(21)
[2024-07-17T18:49:52.916+0300][gc,heap      ] GC(0) Survivor regions: 0->4(4)
[2024-07-17T18:49:52.916+0300][gc,heap      ] GC(0) Old regions: 2->6
[2024-07-17T18:49:52.916+0300][gc,heap      ] GC(0) Humongous regions: 0->0
[2024-07-17T18:49:52.916+0300][gc,metaspace ] GC(0) Metaspace: 7123K(7680K)->7123K(7680K) NonClass: 6324K(6656K)->6324K(6656K) Class: 799K(1024K)->799K(1024K)
[2024-07-17T18:49:52.916+0300][gc           ] GC(0) Pause Young (Normal) (G1 Evacuation Pause) 25M->8M(512M) 9.142ms
[2024-07-17T18:49:52.916+0300][gc,cpu       ] GC(0) User=0.05s Sys=0.00s Real=0.01s
